[START] 2026-07-26T01:00:03.7655892+02:00
[ATTEMPT 1] 2026-07-26T01:00:03.8510102+02:00
야간 파이프라인 완주했습니다. **18번째 글 발행 완료 (LIVE)**

## 발행 결과
- **제목:** 연결패키지 작성 자동화 — 재무 실무자가 넘길 단계를 고른 기준 3가지
- **URL:** https://finance-ai-note.blogspot.com/2026/07/3.html (postId 8803457589831291518, status LIVE)
- **라벨:** AI 재무실무, 해외법인 결산, 월마감 자동화 / 시리즈 **월마감 자동화 실전기 (4)**
- 글감은 큐 지시대로 축1(#3 연결패키지 자동화) 선정 — #15(7/23) 이후 2편이 지나 "2~3편당 축1 1편" 원칙상 적기였습니다.

## 검수에서 걸러낸 것 (보고 필요)
reviewer가 writer 초안에서 **근거 없는 서술 2건을 적발해 제거**했습니다. writer는 "창작 0건"이라고 보고했지만 사실이 아니었습니다.
1. "체감 시간과 실제 손이 붙잡힌 시간이 달랐다"는 **소요시간 비교 주장** — 어느 발행본에도 근거가 없고, 시리즈가 1화 이래 유지해 온 "소요일수는 측정 전이라 미공개" 방침과 같은 글 안에서 모순됐습니다.
2. **"한 번에 30분이라도"** 신규 수치 — #17에서 "5분/20분"을 지운 것과 같은 사유로 삭제.

그 외 직전 발행분(#16·#17)과 자구가 겹치던 4개소를 축약·링크 대체했습니다(애드센스 중복 콘텐츠 리스크 회피). 외화환산 서술은 K-IFRS 1021호와 일치함을 재확인했습니다.

## 내부링크 7/7 일치, 예약 링크백 6건 동시 회수
유사 슬러그 13종을 자릿수 단위로 개별 대조 — 오연결 0건. 회수분: #15 예약 (a) 병목 지도, QUEUE 이월 3건(#10·#12·#14), #16 예약 (b) 검증 난이도, #17 예약 (b) 이관 기준. #13 예약 (a)는 재이행.
미회수 1건(비차단): #17의 예방·적발 분류표는 문맥 접점이 없어 실전기 5화로 이월했습니다.

## 운영자 사후 확인 요청 6건 (전부 비차단)
새 금액·시간·건수·거래처 창작은 0건이고, 아래는 1인칭 판단·운영 구성 서술입니다. 실제와 다르면 해당 문장만 고치면 됩니다.
1. 표의 사람/시스템 담당 배분이 현재 구성과 맞는지
2. "엑셀 순서를 그대로 옮기려 했다"는 초기 접근 회고
3. 선정 기준 3가지(반복성 → 문장화 가능성 → 검증 비용)를 실제 이 순서로 적용했는지
4. "1·3·4번이 자동화 후보로 먼저 떠올랐다"는 순서
5. "양식 바뀌는 달엔 사람이 먼저 확인" 운영 방침
6. 원천 숫자 고정 대상이 **마감 시산표**가 맞는지

## 기록 갱신 완료
published/index.md(#18 행 + 큐 + 링크백 예약 갱신), QUEUE.md(순번 13 발행 완료), ROADMAP.md 상태 로그, drafts/approved status → published.

## 참고 2건
- editor-in-chief가 `content/approved/QUEUE_tmp_ignore.md`(빈 파일)를 실수로 생성했습니다. 파이프라인 영향은 없으며, 원본 데이터가 아니므로 지시하시면 삭제하겠습니다.
- **애드센스: 18편 확보.** 3주 경과 조건 충족일이 **2026-07-29**입니다. 그날 파이프라인 실행 시 Search Console 색인 현황을 확인해 리포트하겠습니다 — 신청 여부는 운영자 결정 사항입니다.
- 다음 슬롯(2026-07-27) 권고: 축 순환상 **축2** — #19 40대 AI 공부(페르소나 직결) 또는 엑셀 보고서 자동화.
[END] 2026-07-26T01:24:21.3444204+02:00 exit=0
