[START] 2026-07-27T01:00:03.2488431+02:00
[ATTEMPT 1] 2026-07-27T01:00:03.5932775+02:00
## 2026-07-27 야간 파이프라인 결과 — 글은 완성, **발행만 차단됨**

### 진행 결과

| 단계 | 결과 |
|---|---|
| 중복 발행 가드 | 통과 (오늘 발행 이력 없음) |
| 글감 선정 | 큐 최상단 = 축2 **#19 「40대 AI 공부」** (축 순환 권고와 일치) |
| writer | 초안 작성 완료 |
| reviewer | **PASS** (수정 13건 적용 후) |
| editor-in-chief | **APPROVED** |
| **발행** | ❌ **실패 → 건너뜀 (OAuth 토큰 만료)** |

**확정 글**: 「40대 AI 공부 — 비개발자 재무 실무자가 넘은 벽 4가지」 (33자)
라벨 AI도구·클로드 코드 사용법·사무직 AI / 본문 약 3,300자 / 표 2개 / 내부링크 6건(6/6 글자 단위 대조 일치) / 예약 링크백 #17 (c) 회수 완료

검수에서 **창작 2건을 잡아 제거**했습니다 — ① 기존 발행글 #4의 집필 동기를 발행본과 정반대로 서술한 대목, ② "4단계를 시간 순서로 지나왔다"는 단정(실제 발행 순서와 모순). 미기재 수치(학습 기간·나이·비용 등) 등장 0건입니다.

### 발행 실패 원인 — 운영자 조치가 필요합니다

```
RefreshError: invalid_grant — Token has been expired or revoked
```

**2026-07-19에 겪은 것과 같은 장애의 재발이고, 7일 주기와 정확히 일치합니다.** Google Cloud의 OAuth 클라이언트가 **'테스트(Testing)' 게시 상태**면 리프레시 토큰이 7일 후 만료됩니다. 실제로 token.json은 7/19 재인증 → 7/26 01:21까지는 갱신에 성공했고, 7/27 01:00에 만료되었습니다. 헤드리스 실행에서는 브라우저 동의창을 띄울 수 없어 자동 복구가 불가능합니다.

**(1) 오늘 글 발행하기** — 로컬 터미널에서 아래를 실행하면 브라우저 동의창이 뜨고, 승인하면 그대로 발행됩니다.
```
py -3.11 src/publish_blogger.py "content/approved/2026-07-27-learning-ai-in-your-40s.md"
```
(동의창이 안 뜨면 `config/credentials/token.json`을 `token.json.expired-2026-07-27`로 이름 변경 후 재실행)

**(2) 재발 방지 (권장)** — Google Cloud Console → OAuth 동의 화면에서 게시 상태를 **'테스트' → '프로덕션'**으로 전환하면 7일 만료가 없어집니다. 본인 계정만 쓰는 비공개 앱이라 검증 심사 대상이 아닙니다. **이 조치를 안 하면 앞으로도 매주 같은 시각에 파이프라인이 멈춥니다.**

### 남은 상태
- 글은 `content/approved/2026-07-27-learning-ai-in-your-40s.md`에 그대로 보존 (원본 삭제 없음)
- published/index.md 미갱신 — 발행이 안 됐으므로 정상
- QUEUE.md 14행은 '발행 보류 + 실패 사유'로 갱신, ROADMAP.md에 차단 사유 기록
- 상세 로그: `logs/nightly-2026-07-27-publish-blocked.md` (nightly-2026-07-27.log는 실행 중인 nightly.ps1이 잠그고 있어 사이드카로 기록)

발행 후 사후 확인 요청 4건(모두 비차단·수치 창작 없음, 1인칭 심리/판단 서술)은 approved 파일의 `needs_operator_confirm`에 남겨두었습니다.
[END] 2026-07-27T01:25:30.0461440+02:00 exit=0
