[START] 2026-08-03T01:00:04.3549289+02:00
[ATTEMPT 1] 2026-08-03T01:00:04.4194601+02:00
## 2026-08-03 야간 파이프라인 — 발행 완료

**「발생주의 — 월급날로 이해하는 회계 기초 (20년차 재무 실무자의 설명)」**
🔗 https://finance-ai-note.blogspot.com/2026/08/20.html (postId 6591823350604942296, status **LIVE**)

- 축3 재무지식 / 라벨: 재무지식, 발생주의, 결산 실무 / 약 4,500자, 표 3개, 내부링크 5건
- **총 20편 도달**, 8월 아카이브 2편. OAuth 재인증 이후 **첫 무인 자동 발행 성공**(08-01은 운영자 수동 개입분)

### 단계별 결과
| 단계 | 결과 |
|---|---|
| 중복 가드 | 통과 (오늘 발행분 없음) |
| 글감 | 큐 최상단 batch01 #25 발생주의 — 축 순환 권고와 일치 |
| reviewer | **PASS** — 수정 10건, **경험·수치 창작 0건**, 근접 중복 재작성 2개소 |
| editor-in-chief | **APPROVED** — 내부링크 5/5 재대조 일치, 오연결 0건 |
| 발행 | **SUCCESS (LIVE)** |
| 기록 | index.md / QUEUE.md / ROADMAP.md / frontmatter 전부 갱신 |

reviewer가 잡은 사실 오류 2건(선수수익 예시의 '선수금' 혼용, 급여 표의 회사부담분 처리)은 수정 후 반영했고, 자기모순이던 "조작하기 어렵습니다" 서술도 완화했습니다. 예약 링크백은 문맥 접점이 없어 **억지 삽입 없이 전건 이월**했습니다.

### 운영자 조치 필요 3건
1. **🔴 OAuth 동의 화면 '프로덕션' 전환 (최우선)** — 여전히 '테스트' 모드라 토큰이 **2026-08-08경 재만료** 예상입니다. 남은 유효 슬롯은 08-04~08-07 4일. Google Cloud Console → API 및 서비스 → OAuth 동의 화면 → '프로덕션으로 게시' 한 번이면 끝나며, 미조치 시 7월 말의 6일 공백이 반복됩니다.
2. **08-02 슬롯 공백** — logs/에 08-02 로그 파일 자체가 없어 Windows 작업 스케줄러(`FinanceAINote-Nightly`) 트리거 단계에서 실행되지 않은 것으로 보입니다. 스케줄러 '기록' 탭 확인이 필요합니다.
3. **사후 확인 4건**(전부 비차단) — 월초 결산 부하 원인 열거, 자동화 가능 항목 예시(선급 안분·이자 미지급), 컷오프 사례 2건, 설명 습관 서술. 새 수치·사건 창작은 없습니다.

### 애드센스
20편·3주 경과 조건은 충족했으나 **연속 발행 실적이 오늘 1일차**(08-02 공백)입니다. 08-04·08-05 두 슬롯 정상 발행을 확인한 뒤 신청을 권고합니다 — 07-29 판정의 "심사 직전 공백 회피" 논리와 같습니다. Search Console 색인 현황은 파이프라인에 권한이 없어 여전히 운영자 직접 확인이 필요합니다.

상세 기록: `logs/nightly-2026-08-03-summary.md`
[END] 2026-08-03T01:38:29.2265058+02:00 exit=0
