[START] 2026-07-24T01:00:03.3834178+02:00
[ATTEMPT 1] 2026-07-24T01:00:03.4501874+02:00
## 2026-07-24 야간 파이프라인 완료 — 16번째 글 발행

**발행 URL: https://finance-ai-note.blogspot.com/2026/07/ai-ai-4.html** (postId 1022001811529435664, status **LIVE**)

| 단계 | 결과 |
|---|---|
| 중복 가드 | 오늘 발행분 없음 확인(최신 #15 = 07-23) → 진행 |
| 글감 | 큐 최상단 **#18 AI 검증 루틴** 그대로 선정 (임의 변경 없음) |
| writer | 초안 ~3,000자, 표 1개, [이미지] 마커 1개, 내부링크 5개 |
| reviewer | **PASS** (수정 3건) |
| editor-in-chief | **APPROVED** |
| publisher | `publish_blogger.py` → LIVE |

**확정 제목:** AI 검증 루틴 — 재무 실무자가 AI 결과물을 확인하는 4단계
(초안 제목 "AI가 만든 숫자를 어디까지 믿어야 할까…"는 키워드가 문미라 SEO상 대안 1안으로 내리고, #7·#14와 같은 키워드 문두형으로 교체)
**라벨:** AI도구 / AI 검증 / 사무직 AI

**reviewer 수정 3건** — 모두 published #14(프롬프트 작성법, 이틀 전 발행)와의 근접 중복 정리입니다. 원출처에 없던 비교 표현을 발행본 자구로 복원, 계정 매핑 실패담에 #14 출처 링크 명시, #14 결론부와 자구가 거의 같던 문장 재작성. 새 수치 창작 0건(등장 수치는 2화 기재분 23,450원뿐).

**내부링크 5/5 글자 단위 일치** — 예약돼 있던 링크백 2건을 한 글에서 동시 회수했습니다: #14 프롬프트 4번 원칙(검증 기준을 지시에 넣기), #15 '검증 실패 시 멈춘다' 운영 사례. #13 연결재무제표 예약 (c)는 접점이 얕아 전용 '내부통제/결산 검증 자동화' 글로 이월했습니다.

**운영자 사후 확인 요청 3건** (수치 창작이 아닌 실무 관행 서술이라 비차단 처리했으나, 실제와 다르면 발행본 수정 가능합니다)
1. "새 양식·첫 회는 전수 검사, 두 번째 달부터 표본" — 실제 운영 방식이 맞는지
2. 표본 선정 기준(금액 큰 것·형식 특이한 것·신규 항목 우선)
3. "검증 시간이 작업 시간보다 크면 자동화하지 않는다"는 대상 선정 기준

**애드센스:** 16편 확보. 3주 경과 조건은 2026-07-29 — 그날 아침 색인 리포트와 함께 신청 여부를 재보고하겠습니다.
**다음 슬롯(07-25) 후보:** #28 내부통제/결산 검증 자동화 (오늘 글의 자연스러운 후속이자 #13·#16 예약 링크백 동시 회수 가능). 축2가 2연속이라 축3/축1 우선 검토를 큐에 기록해 두었습니다.
[END] 2026-07-24T01:15:44.3133776+02:00 exit=0
