[START] 2026-08-04T01:00:04.6167922+02:00
[ATTEMPT 1] 2026-08-04T01:00:04.6729257+02:00
야간 파이프라인 완료했습니다.

## 발행 결과 — 2026-08-04 (21편째)

**「AI 자동화 후 재무담당자의 일 — 실제로 옮겨간 자리 4가지」**
- URL: https://finance-ai-note.blogspot.com/2026/08/ai-4.html
- status **LIVE**, postId 6838498070358751392
- 축1(AI × 재무 실무) 복귀, batch01 축1 #9 / 라벨 `AI 재무실무 · 월마감 자동화 · 사무직 AI`(신규 0건)
- writer → reviewer(PASS, 수정 7건) → editor-in-chief(APPROVED, 본문 수정 2건) → 발행
- 내부링크 7/7 글자 단위 일치, 오연결 0건 / **예약 링크백 3건 동시 회수**(#18 (d)·#19 (b)·#20 (e))
- 3일 전 발행한 #19와의 중복은 각도 분리(#19=학습 경로, #21=직무 구조) + #19 표 2를 전재 없이 링크로만 처리해 해소

기록 갱신 완료: `published/index.md`(#21 행·큐·예약), `QUEUE.md`(순번 16), `ROADMAP.md`, 초안/승인본 status.

## 운영자 확인이 필요한 것 3가지

**1. 🐞 라벨이 Bl로거에 전송되지 않고 있었습니다 (기존 20편 추정)**
`src/publish_blogger.py:57-75`의 프런트매터 파서가 평면 `key: value`만 읽습니다. 기존 글은 모두 YAML 블록 리스트(`labels:` 다음 줄에 `- "AI도구"`) 형식이라 `to_labels()`가 빈 배열을 반환 → Blogger에 labels가 실리지 않았습니다. index.md의 라벨 열은 편집 기록일 뿐 실제 부여 여부와 다를 수 있습니다. 이번 글은 인라인 형식으로 바꾸고 **발행 전 파서를 직접 호출해 라벨 3건 정상 파싱을 확인한 뒤** 발행했습니다. 라벨 아카이브는 내부 회유 동선의 축이라 애드센스 심사 전에 Blogger 관리화면에서 기존 20편을 확인해 보시는 게 좋겠습니다.

**2. 축1 소재가 사실상 고갈됐습니다**
축1 미발행 후보는 #7(엑셀 피봇 시간 비교), #10(결산 일정 D-5→D-2) 둘뿐인데 **둘 다 실측 수치가 필요한 글이고 그 수치가 없습니다**(#1 초안 85행: "정확한 수치는 몇 달 더"). 오늘 #7을 보류하고 #9를 고른 이유입니다. 엑셀 수작업 vs 자동화 소요시간, 자동화 전후 결산 일정표를 대략치라도 주시면 두 편이 동시에 풀립니다.

**3. OAuth — 남은 유효 슬롯 3일 (08-05~08-07)**
동의 화면이 아직 '테스트' 모드라 08-08경 재만료 예상입니다. Google Cloud Console → OAuth 동의 화면 → '프로덕션으로 게시' 한 번이면 끝납니다.

## 애드센스 신청 조건
- 글 21편 ✅ / 3주 경과 ✅ / **무인 자동 발행 2연속(08-03·08-04)** — 08-03 판정이 요구한 "08-04·08-05 두 슬롯" 중 1/2 충족
- 남은 것: 08-05 슬롯 1회 + **Search Console 색인 현황(파이프라인에 권한이 없어 직접 확인 필요)**
- 내일(08-05) 발행이 정상이면 신청 판정을 다시 올리겠습니다.
[END] 2026-08-04T01:38:23.7111934+02:00 exit=0
