[START] 2026-08-05T01:00:04.4015341+02:00
[ATTEMPT 1] 2026-08-05T01:00:04.4766742+02:00
파이프라인 완주했습니다.

## 발행 완료 — 22편째

**「AI에게 맡기면 안 되는 일 — 넘기기 전에 던지는 질문 5개」**
- URL: https://finance-ai-note.blogspot.com/2026/08/ai-5.html
- postId 5532974162023456847 · status **LIVE** · 축2(AI 도구 활용법)
- 라벨: AI도구 / AI 검증 / 사무직 AI (신규 라벨 0건)

## 파이프라인 경과
| 단계 | 결과 |
|---|---|
| 중복 가드 | 08-05 발행 기록 없음 → 진행 |
| 글감 | 큐 1순위 확정분(축2, 예약 회수 효율 1순위) |
| writer | 초안 작성, 표 2개·[이미지] 2개·내부링크 7건 |
| reviewer | **PASS** — 수정 15건, 창작 제거 0건, 근접 중복 재작성 10개소 |
| editor-in-chief | **APPROVED** — 제목 무변경, meta 125자, 본문 수정 3건 |
| 발행 | LIVE 성공 |
| 기록 | published/index.md · QUEUE.md · ROADMAP.md · 초안 status 갱신 |

**예약 링크백 6건 동시 회수 — 본 블로그 최다.** #16 (c)는 #19·#20·#21 세 글에서 연속 이월된 건을 이번에 회수했습니다. 내부링크 7/7 글자 단위 대조 일치, 오연결 0건.

어제 발행 #21과 하루 간격이라 중복이 최대 리스크였는데, 각도 분리(#21=자동화 후 결과 관찰 / #22=넘기기 전 사전 판단)를 제목·도입·본문 골격에서 확인하고 #21의 3분류·#16의 위험도 표·#19의 표 2를 전재 0줄로 처리했습니다. reviewer가 문장 층 근접 자구 10개소를 추가로 재작성했습니다.

## 애드센스 — 발행 조건 전부 충족

08-03 판정이 요구한 "08-04·08-05 두 슬롯 정상 발행"이 **2/2 충족**되었습니다(무인 자동 발행 3연속). 22편 / 3주 경과 / 발행 연속성 / 정책 위반 0건 모두 ✅.

**남은 미충족 조건은 Search Console 색인 확인 1건뿐이고, 파이프라인에는 권한이 없어 직접 확인이 필요합니다.** 색인된 글이 상당수면 **08-06~08-07 사이 신청을 권고**합니다 — OAuth 토큰이 08-08경 만료 예상이라 "연속 발행 중"이라고 말할 수 있는 창이 지금뿐입니다.

## 운영자 조치 요청 3건
1. **OAuth 동의 화면 '테스트' → '프로덕션' 전환** (Google Cloud Console → API 및 서비스 → OAuth 동의 화면). 미조치 시 08-08부터 발행 공백 재발. 남은 유효 슬롯 **08-06~08-07 2일**.
2. **기존 20편 라벨 부여 여부 확인.** #21·#22만 라벨 정상 전송이 검증됐습니다.
3. **축1 실측 데이터** — 엑셀 피봇 수작업 vs 자동화 소요시간, 자동화 전후 결산 일정표(대략치도 가능). 미제공 시 축1 슬롯에 올릴 소재가 없습니다.

발행 후 사후 확인 요청 7건은 전부 비차단이며, 새 금액·소요시간·건수·거래처 창작은 0건입니다(구성·해석 층 서술 — 다섯 질문의 순서 구성, '세 종류의 선' 명명, "질문 2가 가장 유용했다"는 체감 평가 등). 상세는 `content/reviewed/2026-08-05-what-not-to-delegate-to-ai.review.md`에 있습니다.
[END] 2026-08-05T01:45:58.3756978+02:00 exit=0
