[START] 2026-08-07T01:00:04.3262461+02:00
[ATTEMPT 1] 2026-08-07T01:00:04.3632604+02:00
**2026-08-07 야간 파이프라인 정상 완료 — 발행 성공했습니다.**

## 발행 결과

**「엑셀 보고서 자동화 — 되는 것과 안 되는 것을 가른 기준 4가지」**
🔗 https://finance-ai-note.blogspot.com/2026/08/4.html
postId `7632944598060285374` · status **LIVE** · 축2(AI 도구 활용법) · 라벨 AI도구/문서 자동화/사무직 AI

**무인 자동 발행 5연속 성공**(08-03~08-07). 누적 **24편**, 8월 아카이브 6편.

## 파이프라인 요약

| 단계 | 결과 |
|---|---|
| 가드 | 오늘 발행 기록 없음 → 통과 |
| writer | 신규 척추 = "엑셀 보고서는 세 층(입력/규칙/설명)이 한 시트에 겹쳐 있고, 되는지는 층마다 갈린다" + 판정 기준 4가지 |
| reviewer | **PASS**, 수정 26건 · 창작 제거 3건 · 근접 중복 재작성 13개소 |
| editor | **APPROVED / LIVE**, 본문 수정 4건 |
| 내부링크 | **7/7 글자 단위 일치, 오연결 0건**(editor 독립 3차 재대조) |

**이 글의 최대 리스크였던 시간·효율 수치는 0건**입니다. '엑셀 자동화' 주제 특성상 "몇 시간이 몇 분으로" 류 유혹이 컸지만 실측 데이터가 없어, reviewer가 미측정 시간 표현 5건까지 전건 제거하고 한계 섹션에 "얼마나 빨라졌는지는 숫자로 아직 못 적는다"를 명시해 신뢰 장치로 돌려놨습니다.

**예약 링크백 4건 회수** — 그중 **#16 (d)는 다섯 글 연속 이월돼 있던 최장기 미회수 예약이 처음 해소된 건**입니다. 부수적으로 editor가 예약 원장 오기 4건(index.md에서 #22 예약 자산이 한 칸씩 밀림)을 찾아 정본으로 교정했습니다.

⚠️ 새 슬러그 `/2026/08/4.html`은 **#18 `/2026/07/3.html`과 형태가 같고 두 글자만 다릅니다.** 이 글이 #18을 최다 인용원으로 쓰기 때문에 향후 오연결 위험이 가장 높은 쌍이라 index.md에 최고 위험 항목으로 등재했습니다.

## 운영자 조치 요청 — 오늘이 기한입니다

1. 🔴 **OAuth 동의 화면 '테스트'→'프로덕션' 게시.** 예상 유효 슬롯을 오늘로 전부 소진했습니다. **08-08부터 재공백 예상**이며, 07-29 이후 8일간 방치된 최장기 리스크입니다.
2. **Search Console 색인 확인 → 애드센스 신청 결정.** 오늘이 08-05 판정에서 권고한 신청 구간의 마지막 날입니다. 24편 중 상당수가 색인됐으면 그 자리에서 신청, 부족하면 신청보다 1번을 먼저 처리하는 쪽이 낫습니다.
3. **라벨 소급 점검** — #21~#24 네 편만 정상 전송이 검증됐고 #1~#20은 미확인입니다.

추가로 persona.md §5에 **엑셀 수작업 vs 자동화 실측 소요시간**을 넣어주시면 #7·#10 두 편이 동시에 풀립니다.

기록 갱신 완료: `published/index.md`, `approved/QUEUE.md`, `ROADMAP.md`, 초안 status, `logs/nightly-2026-08-07-summary.md`(로그 본파일은 실행 중인 스크립트가 점유 중이라 별도 파일로 남겼습니다).
[END] 2026-08-07T01:58:38.1160154+02:00 exit=0
