[START] 2026-08-01T01:00:05.5665002+02:00
[ATTEMPT 1] 2026-08-01T01:00:05.7874343+02:00
## 2026-08-01 야간 파이프라인 결과 — 발행 실패 (6일 연속 차단)

**발행된 글 없음.** 오늘도 새 글은 만들지 않았습니다.

| 단계 | 결과 |
|---|---|
| 1. 중복 발행 가드 | 통과 (오늘 발행 이력 없음) |
| 2. 글감 선정 | 신규 없음 — 대기 중인 #19를 오늘 슬롯으로 승계 |
| 3~5. writer/reviewer/편집장 | 미실행 (발행 차단 중 적체 방지) |
| 6. 발행 | ❌ 실패 — OAuth 오류, 7/27부터 6일 연속 동일 |
| 7. 기록 | index.md / QUEUE.md / ROADMAP.md 상태만 6일차로 갱신 |

**오류 (변화 없음)**
```
py -3.11 src/publish_blogger.py "content/approved/2026-07-27-learning-ai-in-your-40s.md"
→ RefreshError: invalid_grant: Token has been expired or revoked  (publish_blogger.py:42)
```
`token.json` 최종 수정이 여전히 **2026-07-26 01:21** — 재인증이 6일째 이뤄지지 않았습니다. 헤드리스에서는 브라우저 동의창을 띄울 수 없어 자동 복구 경로가 없습니다.

**운영자 조치 (2건, 로컬 터미널에서)**
1. `py -3.11 src/publish_blogger.py "content/approved/2026-07-27-learning-ai-in-your-40s.md"` 실행 → 동의창 승인하면 #19가 바로 발행됩니다. 동의창이 안 뜨고 같은 오류가 나면 `config/credentials/token.json`을 `token.json.expired-2026-08-01`로 개명 후 재실행.
2. Google Cloud Console → OAuth 동의 화면을 **'테스트' → '프로덕션'** 전환. 이걸 안 하면 재인증일로부터 7일 뒤 똑같이 멈춥니다 (7/19 재인증 → 7/27 만료가 실례).

**애드센스 신청 건** — 07-29 "대기 권고" 판정 유지, 조건 변동 없음(18편 정지). 6일차에 새로 생긴 사실은 하나입니다: 공백이 달을 넘어가 **8월 아카이브가 0편**이라, 이 상태가 이어지면 '7월에만 활동한 블로그'로 보이는 구간에 들어갑니다. 다만 판단 구조는 어제와 같습니다 — 미루든 지금 신청하든 필요한 행동은 인증 재발급 한 건뿐입니다.

상세 리포트: `logs/nightly-2026-08-01-publish-blocked.md`
[END] 2026-08-01T01:03:19.3249898+02:00 exit=0
