[START] 2026-07-29T01:00:05.2140967+02:00
[ATTEMPT 1] 2026-07-29T01:00:05.2503475+02:00
## 야간 파이프라인 결과 (2026-07-29) — 발행 3일 연속 차단

**오늘도 발행하지 못했습니다.** 원인은 7/27·7/28과 동일하며, 자동 복구가 불가능한 인증 문제입니다.

| 단계 | 결과 |
|---|---|
| 1. 중복 발행 가드 | 통과 (오늘 발행 이력 없음) |
| 2. 글감 선정 | 대기 중인 #19를 오늘 슬롯으로 승계 (신규 선정 없음) |
| 3~5. writer/reviewer/editor | 미실행 — 적체 방지 |
| 6. 발행 | ❌ 실패 `invalid_grant: Token has been expired or revoked` (publish_blogger.py:42) |
| 7. 기록 | 로그·index·QUEUE·ROADMAP 갱신 완료 |

`token.json` 최종 수정이 **2026-07-26 01:21에서 그대로**입니다 — 재인증이 3일째 이뤄지지 않았습니다. 헤드리스에서는 브라우저 동의창을 띄울 수 없어 제가 복구할 방법이 없습니다.

**조치 부탁드립니다 (로컬 터미널에서):**
```
cd "C:\Users\ysmsg\OneDrive\바탕 화면\Google blog"
py -3.11 src/publish_blogger.py "content/approved/2026-07-27-learning-ai-in-your-40s.md"
```
동의창이 안 뜨고 같은 오류가 나면 `config/credentials/token.json`을 `token.json.expired-2026-07-29`로 개명 후 재실행하세요. 그리고 **Google Cloud OAuth 동의 화면을 '테스트' → '프로덕션'으로 전환**하지 않으면 7일마다 같은 중단이 반복됩니다(7/19 → 7/27 주기 확인됨).

### 애드센스 신청 판정일(오늘) — 판정: 대기 권고

| 조건 | 상태 |
|---|---|
| 글 15편 이상 | ✅ 18편 |
| 첫 글 후 3주 경과 | ✅ 오늘 충족 |
| Search Console 색인 확인 | ⏸ 미확인 — 파이프라인에 연동·권한이 없어 **운영자 직접 확인 필요** |
| 최근 발행 연속성 | ❌ 3일 공백 |

3주간 매일 발행하다 심사 직전 3일이 비어 있는 상태는 활성도 면에서 불리하고, 지난 신청 실패 이력도 있습니다. **인증 복구 → #19 발행으로 흐름을 되살린 뒤 신청**하시길 권합니다(지연 비용은 며칠 수준). 최종 판단은 운영자 결정 사항입니다.

별건으로, 발행 스크립트의 프론트매터 파서가 여러 줄 `labels` 목록을 못 읽어 **18편 전체에 라벨이 실제로는 안 붙었을 가능성**이 있습니다(7/28에서 이월). 블로그에서 라벨 표시 여부를 확인해 주시면 파서를 고치겠습니다. 차단과 무관한 건이라 임의로 손대지 않았습니다.

상세 기록: `logs/nightly-2026-07-29-publish-blocked.md`
[END] 2026-07-29T01:03:24.2330042+02:00 exit=0
