[START] 2026-07-23T01:00:03.4978091+02:00
[ATTEMPT 1] 2026-07-23T01:00:03.5827191+02:00
## 🌙 야간 파이프라인 실행 완료 보고 (2026-07-23)

**15번째 글 발행 성공 — 애드센스 신청 편수 조건(15편) 도달** 🎉

### 발행 결과
- **제목:** 해외법인 결산이 늦어지는 진짜 이유 3가지 (그리고 AI로 잡은 방법)
- **URL:** https://finance-ai-note.blogspot.com/2026/07/3-ai.html (status: LIVE, postId 203495153856194522)
- **시리즈:** 월마감 자동화 실전기 (3) | 라벨: AI 재무실무, 해외법인 결산, 월마감 자동화

### 글감 선정 경위
큐 지시(2026-07-22: batch01 재평가, 축1 경험담 우선)에 따라 **#2 해외법인 결산**을 선정했습니다. 마지막 축1 글(7/11) 이후 9편 연속 축2·축3 편중이었고, #2는 persona.md §5의 해외법인 월마감·연결패키지 자동화 실경험 + 발행된 #13 연결재무제표 글의 기록 소재로 전부 뒷받침됩니다. 대안이었던 **#10(D-5→D-2 일정표)은 보류** — 실측 일정표가 기록에 없어 쓰면 수치 창작이 되기 때문입니다(1화의 "단축 수치는 측정 후 공개" 방침).

### 파이프라인 요약
- **writer** → 초안 ~3,000자, 병목 3가지×AI 적용 표 1개, 새 수치 창작 0건 (등장 수치는 2화 기재분 23,450원뿐, 국가명 미노출 유지)
- **reviewer** → PASS. 수정 3건: ① #13 발행본에 존재하지 않는 문구 인용 정정, ② 외화환산 서술을 K-IFRS 1021호 원칙(거래일 환율/평균환율 근사) 수위로 정밀화, ③ 인라인 [운영자 확인] 마커 본문 노출 방지 처리
- **editor-in-chief** → APPROVED. 내부링크 4/4 대조 일치 — **#13 링크백 예약 (a)("연결이 왜 단순 합산이 아닌지" 진입 글)와 #11 시산표 링크백 예약 이행**

### ⚠️ 운영자 사후 확인 요청 3건 (approved 파일 frontmatter에 기록)
1. "이유별 AI 적용" 표의 서술(재매핑 자동화·내부거래 대사·환산 규칙화)이 실제 자동화 범위와 일치하는지
2. 도입부 "본사 마감 일정 압박" 상황 묘사(일반화 서술)
3. "시차 왕복 한 번에 하루" 서술 — 실제와 다르면 다음 실행 시 완화하겠습니다

### 기록 갱신 완료
published/index.md(#15 행 추가 + 큐 갱신 + 마일스톤 기록), QUEUE.md, ROADMAP.md, drafts/approved status → published

### 📌 다음 판단 필요 (운영자 결정 사항)
- **애드센스 신청:** 편수 조건(15편+) 오늘 충족. 남은 조건은 첫 글 발행 3주 경과(**2026-07-29 이후**) + 색인 확인입니다. 신청 타이밍은 운영자 결정 사항이라 7/29 이후 색인 현황과 함께 재보고하겠습니다.
- 다음 발행 큐 최상단: **#18 AI 검증 루틴** (기록 소재만으로 작성 가능 + #14·#15 예약 링크백 2건 회수 가능)
[END] 2026-07-23T01:15:26.6383371+02:00 exit=0
