[START] 2026-07-25T01:00:03.4071745+02:00
[ATTEMPT 1] 2026-07-25T01:00:03.4460936+02:00
야간 파이프라인 정상 완주했습니다.

## 발행 완료 — 17번째 글

**제목:** 내부통제 — 20년차 재무 실무자가 결산에서 매달 실제로 하는 확인 절차
**URL:** https://finance-ai-note.blogspot.com/2026/07/20_01417235989.html
**postId:** 6891907656445157365 · **status: LIVE** · 라벨: 재무지식, 내부통제, 결산 검증

### 실행 경과
| 단계 | 결과 |
|---|---|
| 중복 가드 | 통과 (오늘 발행 이력 없음) |
| 글감 | 큐 확정 항목 batch01 #28 내부통제 — 축2 2연속(#14·#16) 뒤 축3 전환 권고 충족 |
| writer | 초안 ~3,250자, 표 1개(확인 6항목 × 위험/예방·적발/사람 vs 시스템), 내부링크 5개 |
| reviewer | **PASS**, 수정 6건 |
| editor-in-chief | **APPROVED**, 제목·메타·라벨 확정, URL 5/5 재대조 |
| publisher | LIVE 발행 성공 |

### reviewer가 잡아낸 것 (중요)
- **수치 창작 1건 적발·삭제** — "확인은 5분인데 기록·증빙에 20분"은 기존 발행본 어디에도 근거가 없는 신규 소요시간이라 정성 서술로 교체했습니다.
- 직전 글 #16과 자구가 겹치던 3개소 재작성(규칙 3원칙 불릿 블록, 내부거래 미생성 문장, 새벽 2시 문장) — 이틀 연속 같은 문단이 나가는 걸 막았습니다.
- 용어 정정 1건(#11 발행본 표기에 맞춰 "가수금·가지급금·미결계정").
- 새 금액·오류율·건수·거래처·사건 창작은 최종본 기준 0건입니다.

### 예약 링크백 2건 동시 회수 완료
- #16 AI 검증 루틴 예약 (a) — 4단계 검증(합계·건수·표본·이상치)을 조직 통제 절차의 출발점으로 연결
- #13 연결재무제표 예약 (c) — 내부거래 제거 검증 배경. #16에서 접점 부족으로 이월됐던 건을 이번에 회수했습니다.

URL 5개 전부 published/index.md 원문과 글자 단위 일치, 유사 슬러그(`ai-ai-4` vs `ai-4` vs `ai-3`, `20_0701472244` vs `20_01370221244`) 개별 대조 — 오연결 0건.

### 운영자 사후 확인 요청 4건 (비차단으로 판단해 발행)
수치 창작은 없고 전부 1인칭 업무 관행 서술이라 #12·#13·#15·#16 선례대로 비차단 처리했습니다. 실제 운영과 다르면 해당 문장·표 칸만 완화 수정 가능합니다.
1. 표의 "지금 누가 하나"(시스템/사람) 배분 구성
2. 마감 전표 작성자·승인자 분리 운영 여부
3. "규칙을 바꾼 첫 달은 사람이 한 번 더 훑는다"
4. 통제 문서화 작업(확인 항목 나열 후 통제 이름 붙이기)을 실제로 수행했는지

### 기록 갱신
published/index.md(#17행 + 큐·예약 상태), approved/QUEUE.md(순번 12 발행 완료), ROADMAP.md 상태 로그, drafts·approved frontmatter status → published.

### 다음 실행 참고
- **2026-07-26 슬롯: 축1(경험담) 우선 권고** — #15(7/23) 이후 2편이 지나 "2~3편당 축1 1편" 원칙상 적기입니다. 후보: #3 연결패키지 자동화 / #7 엑셀 피봇 시간 비교 / #9 AI 후 일의 변화. 대안 #25 발생주의(축3), #19 40대 AI 공부(축2).
- **애드센스: 17편 확보.** 첫 글 발행 후 3주 경과 조건은 2026-07-29 충족 → 그날 실행 시 Search Console 색인 리포트를 갱신하고 신청 여부를 재보고하겠습니다. 신청 시점 판단은 운영자 몫으로 남겨둡니다.
[END] 2026-07-25T01:21:18.9829235+02:00 exit=0
