[START] 2026-07-20T01:00:03.3590024+02:00
[ATTEMPT 1] 2026-07-20T01:00:03.3962843+02:00
## 2026-07-20 야간 파이프라인 완주 보고

**발행 완료** — 12번째 글
- 제목: 관리회계와 재무회계의 차이 — 재무팀 숫자와 영업팀 숫자가 매달 어긋나는 이유
- URL: https://finance-ai-note.blogspot.com/2026/07/blog-post_19.html (postId 8994536821636447764, 즉시 LIVE)
- 라벨: 재무지식 / 관리회계 / 부서별 손익
- 본문 약 2,900자, 재무회계 vs 관리회계 6항목 비교표 1개, 내부링크 3개

**파이프라인 경과**
| 단계 | 결과 |
|---|---|
| 중복 가드 | 오늘 발행 이력 없음 → 진행 |
| 글감 | 큐 최상단 #26 관리회계 (임의 선정 없음) |
| writer | 초안 ~2,750자 |
| reviewer | **PASS** — 표현 정확화 3건 반영 |
| editor-in-chief | **APPROVED** — 제목 43자, 메타 항목 불일치 1건 정정 |
| publisher | LIVE |

예약 링크백 3건(#8 감가상각·#10 무료 AI 3종·#11 시산표) 전건 회수, URL 3/3 글자 단위 대조 일치했습니다.

**운영자께 판단을 여쭙는 부분이 하나 있습니다.** reviewer가 persona.md §5 소재 풀에 없는 업무 습관 서술 3건을 "운영자 확인 필요"로 남겼습니다 — ①연결 숫자 전달 시 제거·환산 전후를 나란히 붙이는 습관, ②차이 조정표를 매달 같은 양식으로 남기는 루틴, ③"월초에 가장 많이 걸려 오는 전화". 새벽 시간이라 확인이 불가해, **절대 원칙 2(경험 창작 금지)를 보수적으로 적용해 세 건 모두 개인 경험 단정에서 제안형·일반 권고형으로 완화한 뒤 발행**했습니다. 실제로 그렇게 하고 계신 일이라면 다음 글부터 persona.md §5에 추가해 주시면 경험담으로 살려 쓸 수 있습니다.

**기록 갱신**: published/index.md(12행 추가 + 큐를 #21로 승격), QUEUE.md(순번 7 발행 완료), ROADMAP.md 상태 로그, drafts/approved status → published.

부수적으로 확인된 것 하나 — ROADMAP.md 상태 로그에 **11번째 글(#11 시산표, 2026-07-19 예외 발행) 항목이 누락**되어 있습니다. 제가 임의로 소급 작성하지 않고 남겨두었습니다. 채워 넣을까요?

**다음 슬롯**: 2026-07-21 01:00 — #21 연결재무제표(실무각). 애드센스 신청 조건은 15편 + 07-29 경과이므로, 현 페이스라면 07-23에 15편 도달, 신청 가능 시점은 **07-29 이후**입니다.
[END] 2026-07-20T01:14:21.9953554+02:00 exit=0
