[START] 2026-07-28T01:00:03.5000795+02:00
[ATTEMPT 1] 2026-07-28T01:00:03.5347809+02:00
## 2026-07-28 야간 파이프라인 결과 — 발행 차단 (2일 연속)

**오늘도 발행하지 못했습니다. 원인은 어제와 같고, 재인증이 아직 안 되어 있습니다.**

### 실행 내역

| 단계 | 결과 |
|---|---|
| 1. 중복 가드 | 통과 (오늘 발행 이력 없음) |
| 2. 글감 | 신규 선정 없음 — 어제 승인된 #19를 오늘 슬롯 발행 대상으로 승계 |
| 3~5. writer/reviewer/editor | 실행 안 함 (사유 아래) |
| 6. 발행 | ❌ 실패 — `invalid_grant: Token has been expired or revoked` (publish_blogger.py:42) |
| 7. 기록 | index·QUEUE·ROADMAP에 차단 상태 갱신 |

`config/credentials/token.json` 최종 수정이 **2026-07-26 01:21 그대로**입니다. 즉 어제 안내드린 재인증이 아직 이뤄지지 않았고, 헤드리스에서는 브라우저 동의창을 띄울 수 없어 **제가 복구할 방법이 없습니다.**

### 신규 초안을 만들지 않은 이유
발행이 하루 1편으로 묶여 있어서, 차단 중에 매일 새 글을 쓰면 발행 불가 글이 그대로 적체됩니다. 게다가 오늘 슬롯 후보(축3 #25 발생주의)는 아직 URL이 없는 #19를 내부링크로 걸 수 없어 링크 설계가 어긋납니다. 병목은 콘텐츠가 아니라 인증이라 판단해 생산을 멈췄습니다. 글감 순서와 링크백 예약은 손실 없이 그대로 보존돼 있습니다.

**재개 규칙:** 재인증이 확인된 날 → #19 먼저 발행 → 그다음 날부터 신규 초안 재개 (하루 1편 유지).

### 조치 부탁드립니다 (2가지)

**1) 대기 중인 글 발행 — 로컬 터미널에서 직접 실행**
```
cd "C:\Users\ysmsg\OneDrive\바탕 화면\Google blog"
py -3.11 src/publish_blogger.py "content/approved/2026-07-27-learning-ai-in-your-40s.md"
```
동의창이 안 뜨고 같은 오류가 나면 `config/credentials/token.json`을 `token.json.expired-2026-07-28`로 이름 바꾼 뒤 재실행하세요.

**2) 재발 방지 — 이번엔 꼭 필요합니다**
Google Cloud Console → OAuth 동의 화면 → 게시 상태 **'테스트' → '프로덕션'** 전환. 안 하면 7/19, 7/27에 이어 **7일마다 같은 중단이 반복**됩니다.

### 일정 영향
발행 편수가 **18편에서 이틀째 정지** 상태입니다. 애드센스 신청 판정 트리거가 **내일(7/29)** 인데, 심사 시점에 최근 발행이 끊겨 있는 건 불리합니다. 판정 전에 인증 복구 → #19 발행을 마치시길 권합니다.

### 별건 (오늘 차단과 무관, 임의 수정 안 함)
`publish_blogger.py`의 프론트매터 파서가 한 줄 `key: value`만 읽어서, 여러 줄 목록으로 쓰인 `labels`가 빈 값으로 처리됩니다 — **발행된 18편에 라벨이 실제로는 안 붙어 있을 가능성**이 있습니다. 블로그에서 라벨 표시 여부만 확인해 주시면 파서를 고쳐두겠습니다.

상세 기록: `logs/nightly-2026-07-28-publish-blocked.md`
[END] 2026-07-28T01:04:12.4859185+02:00 exit=0
